1497988860